  0%|          | 0/10000 [00:00<?, ?it/s]  0%|          | 1/10000 [00:00<20:08,  8.27it/s]  1%|          | 114/10000 [00:00<00:16, 613.25it/s]  2%|▏         | 227/10000 [00:00<00:11, 836.88it/s]  3%|▎         | 339/10000 [00:00<00:10, 944.30it/s]  5%|▍         | 452/10000 [00:00<00:09, 1007.46it/s]  6%|▌         | 565/10000 [00:00<00:09, 1046.65it/s]  7%|▋         | 678/10000 [00:00<00:08, 1071.19it/s]  8%|▊         | 786/10000 [00:00<00:11, 812.18it/s]   9%|▉         | 877/10000 [00:01<00:17, 520.93it/s] 10%|▉         | 988/10000 [00:01<00:14, 629.00it/s] 11%|█         | 1100/10000 [00:01<00:12, 730.99it/s] 12%|█▏        | 1213/10000 [00:01<00:10, 821.65it/s] 13%|█▎        | 1326/10000 [00:01<00:09, 896.29it/s] 14%|█▍        | 1438/10000 [00:01<00:08, 954.19it/s] 16%|█▌        | 1551/10000 [00:01<00:08, 999.61it/s] 17%|█▋        | 1663/10000 [00:01<00:08, 1032.98it/s] 18%|█▊        | 1776/10000 [00:02<00:07, 1058.58it/s] 19%|█▉        | 1888/10000 [00:02<00:07, 1076.12it/s] 20%|██        | 2001/10000 [00:02<00:07, 1089.42it/s] 21%|██        | 2115/10000 [00:02<00:07, 1101.52it/s] 22%|██▏       | 2228/10000 [00:02<00:07, 1109.64it/s] 23%|██▎       | 2341/10000 [00:02<00:06, 1115.29it/s] 25%|██▍       | 2454/10000 [00:02<00:06, 1116.02it/s] 26%|██▌       | 2567/10000 [00:02<00:06, 1118.18it/s] 27%|██▋       | 2680/10000 [00:02<00:06, 1119.05it/s] 28%|██▊       | 2793/10000 [00:02<00:06, 1121.90it/s] 29%|██▉       | 2907/10000 [00:03<00:06, 1124.56it/s] 30%|███       | 3020/10000 [00:03<00:06, 1124.70it/s] 31%|███▏      | 3133/10000 [00:03<00:06, 1122.01it/s] 32%|███▏      | 3246/10000 [00:03<00:06, 1124.22it/s] 34%|███▎      | 3360/10000 [00:03<00:05, 1126.04it/s] 35%|███▍      | 3474/10000 [00:03<00:05, 1128.69it/s] 36%|███▌      | 3588/10000 [00:03<00:05, 1129.99it/s] 37%|███▋      | 3702/10000 [00:03<00:05, 1128.28it/s] 38%|███▊      | 3815/10000 [00:03<00:05, 1126.41it/s] 39%|███▉      | 3928/10000 [00:03<00:05, 1123.57it/s] 40%|████      | 4041/10000 [00:04<00:05, 1125.37it/s] 42%|████▏     | 4154/10000 [00:04<00:05, 1124.46it/s] 43%|████▎     | 4267/10000 [00:04<00:05, 1124.73it/s] 44%|████▍     | 4380/10000 [00:04<00:04, 1124.26it/s] 45%|████▍     | 4494/10000 [00:04<00:04, 1126.91it/s] 46%|████▌     | 4607/10000 [00:04<00:04, 1126.15it/s] 47%|████▋     | 4720/10000 [00:04<00:04, 1126.15it/s] 48%|████▊     | 4834/10000 [00:04<00:04, 1129.56it/s] 49%|████▉     | 4947/10000 [00:04<00:04, 1127.80it/s] 51%|█████     | 5060/10000 [00:04<00:04, 1126.47it/s] 52%|█████▏    | 5173/10000 [00:05<00:04, 1126.19it/s] 53%|█████▎    | 5287/10000 [00:05<00:04, 1127.88it/s] 54%|█████▍    | 5400/10000 [00:05<00:04, 1125.92it/s] 55%|█████▌    | 5513/10000 [00:05<00:03, 1125.40it/s] 56%|█████▋    | 5626/10000 [00:05<00:03, 1115.30it/s] 57%|█████▋    | 5739/10000 [00:05<00:03, 1118.30it/s] 59%|█████▊    | 5852/10000 [00:05<00:03, 1121.20it/s] 60%|█████▉    | 5966/10000 [00:05<00:03, 1124.18it/s] 61%|██████    | 6080/10000 [00:05<00:03, 1126.19it/s] 62%|██████▏   | 6193/10000 [00:05<00:03, 1126.23it/s] 63%|██████▎   | 6306/10000 [00:06<00:04, 860.39it/s]  64%|██████▍   | 6402/10000 [00:06<00:04, 764.09it/s] 65%|██████▌   | 6515/10000 [00:06<00:04, 848.56it/s] 66%|██████▋   | 6628/10000 [00:06<00:03, 918.48it/s] 67%|██████▋   | 6741/10000 [00:06<00:03, 973.86it/s] 69%|██████▊   | 6854/10000 [00:06<00:03, 1016.42it/s] 70%|██████▉   | 6967/10000 [00:06<00:02, 1047.77it/s] 71%|███████   | 7080/10000 [00:06<00:02, 1070.43it/s] 72%|███████▏  | 7193/10000 [00:07<00:02, 1086.67it/s] 73%|███████▎  | 7306/10000 [00:07<00:02, 1097.42it/s] 74%|███████▍  | 7419/10000 [00:07<00:02, 1105.89it/s] 75%|███████▌  | 7532/10000 [00:07<00:02, 1111.39it/s] 76%|███████▋  | 7644/10000 [00:07<00:02, 999.17it/s]  78%|███████▊  | 7757/10000 [00:07<00:02, 1033.97it/s] 79%|███████▊  | 7870/10000 [00:07<00:02, 1059.06it/s] 80%|███████▉  | 7982/10000 [00:07<00:01, 1075.65it/s] 81%|████████  | 8095/10000 [00:07<00:01, 1089.69it/s] 82%|████████▏ | 8208/10000 [00:08<00:01, 1099.89it/s] 83%|████████▎ | 8322/10000 [00:08<00:01, 1109.20it/s] 84%|████████▍ | 8436/10000 [00:08<00:01, 1116.21it/s] 86%|████████▌ | 8550/10000 [00:08<00:01, 1121.34it/s] 87%|████████▋ | 8664/10000 [00:08<00:01, 1125.64it/s] 88%|████████▊ | 8778/10000 [00:08<00:01, 1127.83it/s] 89%|████████▉ | 8891/10000 [00:08<00:00, 1126.05it/s] 90%|█████████ | 9005/10000 [00:08<00:00, 1127.67it/s] 91%|█████████ | 9118/10000 [00:08<00:00, 1124.12it/s] 92%|█████████▏| 9231/10000 [00:08<00:00, 1120.05it/s] 93%|█████████▎| 9344/10000 [00:09<00:00, 1121.80it/s] 95%|█████████▍| 9458/10000 [00:09<00:00, 1125.34it/s] 96%|█████████▌| 9572/10000 [00:09<00:00, 1129.58it/s] 97%|█████████▋| 9686/10000 [00:09<00:00, 1130.45it/s] 98%|█████████▊| 9800/10000 [00:09<00:00, 1132.23it/s] 99%|█████████▉| 9914/10000 [00:09<00:00, 1133.36it/s]100%|██████████| 10000/10000 [00:09<00:00, 1040.97it/s]
